// Jest Snapshot v1, https://goo.gl/fbAQLP

exports[`Enviroment should match with snapshot 1`] = `
Object {
  "port": 4000,
  "url": "https://l3-processoseletivo.azurewebsites.net",
}
`;
